// Jest Snapshot v1, https://goo.gl/fbAQLP

exports[`Bar Shallow render of the Bar. Basic render, no props. 1`] = `
ShallowWrapper {
  "length": 1,
  Symbol(enzyme.__root__): [Circular],
  Symbol(enzyme.__unrendered__): <Bar
    barColor="#ffffff"
    percent={100}
    style={Object {}}
    text=""
    textColor="#2E2E2E"
    textStyle={Object {}}
  />,
  Symbol(enzyme.__renderer__): Object {
    "batchedUpdates": [Function],
    "getNode": [Function],
    "render": [Function],
    "simulateEvent": [Function],
    "unmount": [Function],
  },
  Symbol(enzyme.__node__): Object {
    "instance": null,
    "key": undefined,
    "nodeType": "host",
    "props": Object {
      "children": <div
        style={
          Object {
            "width": "100%",
          }
        }
      >
        <p
          style={
            Object {
              "color": "#2E2E2E",
              "fontFamily": "sans-serif",
              "marginBottom": 0,
              "marginTop": 0,
              "paddingBottom": 3,
              "paddingLeft": 10,
              "paddingRight": 10,
              "paddingTop": 3,
            }
          }
        >
          
        </p>
      </div>,
      "style": Object {
        "backgroundColor": "#ffffff",
        "width": "100%",
      },
    },
    "ref": null,
    "rendered": Object {
      "instance": null,
      "key": undefined,
      "nodeType": "host",
      "props": Object {
        "children": <p
          style={
            Object {
              "color": "#2E2E2E",
              "fontFamily": "sans-serif",
              "marginBottom": 0,
              "marginTop": 0,
              "paddingBottom": 3,
              "paddingLeft": 10,
              "paddingRight": 10,
              "paddingTop": 3,
            }
          }
        >
          
        </p>,
        "style": Object {
          "width": "100%",
        },
      },
      "ref": null,
      "rendered": Object {
        "instance": null,
        "key": undefined,
        "nodeType": "host",
        "props": Object {
          "children": "",
          "style": Object {
            "color": "#2E2E2E",
            "fontFamily": "sans-serif",
            "marginBottom": 0,
            "marginTop": 0,
            "paddingBottom": 3,
            "paddingLeft": 10,
            "paddingRight": 10,
            "paddingTop": 3,
          },
        },
        "ref": null,
        "rendered": "",
        "type": "p",
      },
      "type": "div",
    },
    "type": "div",
  },
  Symbol(enzyme.__nodes__): Array [
    Object {
      "instance": null,
      "key": undefined,
      "nodeType": "host",
      "props": Object {
        "children": <div
          style={
            Object {
              "width": "100%",
            }
          }
        >
          <p
            style={
              Object {
                "color": "#2E2E2E",
                "fontFamily": "sans-serif",
                "marginBottom": 0,
                "marginTop": 0,
                "paddingBottom": 3,
                "paddingLeft": 10,
                "paddingRight": 10,
                "paddingTop": 3,
              }
            }
          >
            
          </p>
        </div>,
        "style": Object {
          "backgroundColor": "#ffffff",
          "width": "100%",
        },
      },
      "ref": null,
      "rendered": Object {
        "instance": null,
        "key": undefined,
        "nodeType": "host",
        "props": Object {
          "children": <p
            style={
              Object {
                "color": "#2E2E2E",
                "fontFamily": "sans-serif",
                "marginBottom": 0,
                "marginTop": 0,
                "paddingBottom": 3,
                "paddingLeft": 10,
                "paddingRight": 10,
                "paddingTop": 3,
              }
            }
          >
            
          </p>,
          "style": Object {
            "width": "100%",
          },
        },
        "ref": null,
        "rendered": Object {
          "instance": null,
          "key": undefined,
          "nodeType": "host",
          "props": Object {
            "children": "",
            "style": Object {
              "color": "#2E2E2E",
              "fontFamily": "sans-serif",
              "marginBottom": 0,
              "marginTop": 0,
              "paddingBottom": 3,
              "paddingLeft": 10,
              "paddingRight": 10,
              "paddingTop": 3,
            },
          },
          "ref": null,
          "rendered": "",
          "type": "p",
        },
        "type": "div",
      },
      "type": "div",
    },
  ],
  Symbol(enzyme.__options__): Object {
    "adapter": ReactSixteenAdapter {
      "options": Object {
        "enableComponentDidUpdateOnSetState": true,
      },
    },
  },
}
`;
